###############################################################################
#
# IAR ELF Linker V9.30.1.335/W64 for ARM                  11/Dec/2025  09:03:00
# Copyright 2007-2022 IAR Systems AB.
#
#    Output file  =
#        D:\Махлаев\Проекты\DualBoot_AT32F425\Подход
#        1\Bootloader\project\IAR_V9.3\DualBoot_at32f425\Exe\DualBoot_at32f425.out
#    Map file     =
#        D:\Махлаев\Проекты\DualBoot_AT32F425\Подход
#        1\Bootloader\project\IAR_V9.3\DualBoot_at32f425\List\DualBoot_at32f425.map
#    Command line =
#        -f "D:\Махлаев\Проекты\DualBoot_AT32F425\Подход
#        1\Bootloader\project\IAR_V9.3\DualBoot_at32f425\Exe\DualBoot_at32f425.out.rsp"
#        ("D:\Махлаев\Проекты\DualBoot_AT32F425\Подход
#        1\Bootloader\project\IAR_V9.3\DualBoot_at32f425\Obj\firmware\at32f425_crm.o"
#        "D:\Махлаев\Проекты\DualBoot_AT32F425\Подход
#        1\Bootloader\project\IAR_V9.3\DualBoot_at32f425\Obj\firmware\at32f425_debug.o"
#        "D:\Махлаев\Проекты\DualBoot_AT32F425\Подход
#        1\Bootloader\project\IAR_V9.3\DualBoot_at32f425\Obj\firmware\at32f425_flash.o"
#        "D:\Махлаев\Проекты\DualBoot_AT32F425\Подход
#        1\Bootloader\project\IAR_V9.3\DualBoot_at32f425\Obj\firmware\at32f425_gpio.o"
#        "D:\Махлаев\Проекты\DualBoot_AT32F425\Подход
#        1\Bootloader\project\IAR_V9.3\DualBoot_at32f425\Obj\user\at32f425_int.o"
#        "D:\Махлаев\Проекты\DualBoot_AT32F425\Подход
#        1\Bootloader\project\IAR_V9.3\DualBoot_at32f425\Obj\firmware\at32f425_misc.o"
#        "D:\Махлаев\Проекты\DualBoot_AT32F425\Подход
#        1\Bootloader\project\IAR_V9.3\DualBoot_at32f425\Obj\firmware\at32f425_pwc.o"
#        "D:\Махлаев\Проекты\DualBoot_AT32F425\Подход
#        1\Bootloader\project\IAR_V9.3\DualBoot_at32f425\Obj\user\at32f425_wk_config.o"
#        "D:\Махлаев\Проекты\DualBoot_AT32F425\Подход
#        1\Bootloader\project\IAR_V9.3\DualBoot_at32f425\Obj\user\main.o"
#        "D:\Махлаев\Проекты\DualBoot_AT32F425\Подход
#        1\Bootloader\project\IAR_V9.3\DualBoot_at32f425\Obj\cmsis\startup_at32f425.o"
#        "D:\Махлаев\Проекты\DualBoot_AT32F425\Подход
#        1\Bootloader\project\IAR_V9.3\DualBoot_at32f425\Obj\cmsis\system_at32f425.o"
#        "D:\Махлаев\Проекты\DualBoot_AT32F425\Подход
#        1\Bootloader\project\IAR_V9.3\DualBoot_at32f425\Obj\user\wk_gpio.o"
#        "D:\Махлаев\Проекты\DualBoot_AT32F425\Подход
#        1\Bootloader\project\IAR_V9.3\DualBoot_at32f425\Obj\user\wk_system.o"
#        --no_out_extension -o "D:\Махлаев\Проекты\DualBoot_AT32F425\Подход
#        1\Bootloader\project\IAR_V9.3\DualBoot_at32f425\Exe\DualBoot_at32f425.out"
#        --map "D:\Махлаев\Проекты\DualBoot_AT32F425\Подход
#        1\Bootloader\project\IAR_V9.3\DualBoot_at32f425\List\DualBoot_at32f425.map"
#        --config "D:\Махлаев\Проекты\DualBoot_AT32F425\Подход
#        1\Bootloader\project\IAR_V9.3\AT32F425x8.icf" --semihosting --entry
#        __iar_program_start --vfe --text_out locale --cpu=Cortex-M4
#        --fpu=None)
#
###############################################################################

*******************************************************************************
*** RUNTIME MODEL ATTRIBUTES
***

CppFlavor       = *
__CPP_Runtime   = 1
__SystemLibrary = DLib
__dlib_version  = 6


*******************************************************************************
*** HEAP SELECTION
***

The basic heap was selected because --advanced_heap
was not specified and the application did not appear to
be primarily optimized for speed.


*******************************************************************************
*** PLACEMENT SUMMARY
***

"A0":  place at address 0x800'0000 { ro section .intvec };
"P1":  place in [from 0x800'0000 to 0x800'ffff] { ro };
define block CSTACK with size = 1K, alignment = 8 { };
define block HEAP with size = 512, alignment = 8 { };
"P2":  place in [from 0x2000'0000 to 0x2000'4fff] {
          rw, block CSTACK, block HEAP };
initialize by copy { rw };

  Section            Kind         Address    Size  Object
  -------            ----         -------    ----  ------
"A0":                                        0xd0
  .intvec            ro code   0x800'0000    0xd0  startup_at32f425.o [1]
                             - 0x800'00d0    0xd0

"P1":                                      0x1024
  .text              ro code   0x800'00d0   0x404  at32f425_crm.o [2]
  .text              ro code   0x800'04d4   0x230  I64DivMod.o [5]
  .text              ro code   0x800'0704     0x2  I64DivZer.o [5]
  .text              ro code   0x800'0706    0x2a  copy_init3.o [5]
  .text              ro code   0x800'0730   0x1d4  main.o [3]
  .text              ro code   0x800'0904   0x1a4  at32f425_wk_config.o [3]
  .text              ro code   0x800'0aa8    0x50  wk_system.o [3]
  .text              ro code   0x800'0af8    0x3a  wk_gpio.o [3]
  .text              ro code   0x800'0b32    0x12  at32f425_int.o [3]
  .text              ro code   0x800'0b44    0xac  at32f425_gpio.o [2]
  .text              ro code   0x800'0bf0    0x2a  wk_system.o [3]
  .text              ro code   0x800'0c1c   0x13c  at32f425_flash.o [2]
  .text              ro code   0x800'0d58   0x1a4  system_at32f425.o [1]
  .text              ro code   0x800'0efc    0x50  at32f425_misc.o [2]
  .text              ro code   0x800'0f4c    0x28  wk_system.o [3]
  .text              ro code   0x800'0f74    0x28  data_init.o [5]
  .iar.init_table    const     0x800'0f9c    0x14  - Linker created -
  .text              ro code   0x800'0fb0    0x1e  cmain.o [5]
  .text              ro code   0x800'0fce     0x4  low_level_init.o [4]
  .text              ro code   0x800'0fd2     0x4  exit.o [4]
  .text              ro code   0x800'0fd8     0xa  cexit.o [5]
  .text              ro code   0x800'0fe4    0x14  exit.o [6]
  .text              ro code   0x800'0ff8    0x1c  cstartup_M.o [5]
  .rodata            const     0x800'1014    0x10  at32f425_crm.o [2]
  .rodata            const     0x800'1024    0x10  system_at32f425.o [1]
  .text              ro code   0x800'1034    0x10  startup_at32f425.o [1]
  .rodata            const     0x800'1044     0x8  at32f425_crm.o [2]
  .rodata            const     0x800'104c     0x8  at32f425_crm.o [2]
  .rodata            const     0x800'1054     0x8  at32f425_crm.o [2]
  Initializer bytes  const     0x800'105c     0x8  <for P2-1>
  .text              ro code   0x800'1064     0x4  startup_at32f425.o [1]
  .text              ro code   0x800'1068     0x4  startup_at32f425.o [1]
  .text              ro code   0x800'106c     0x4  startup_at32f425.o [1]
  .text              ro code   0x800'1070     0x4  startup_at32f425.o [1]
  .text              ro code   0x800'1074     0x4  startup_at32f425.o [1]
  .text              ro code   0x800'1078     0x4  startup_at32f425.o [1]
  .text              ro code   0x800'107c     0x4  startup_at32f425.o [1]
  .text              ro code   0x800'1080     0x4  startup_at32f425.o [1]
  .text              ro code   0x800'1084     0x4  startup_at32f425.o [1]
  .text              ro code   0x800'1088     0x4  startup_at32f425.o [1]
  .text              ro code   0x800'108c     0x4  startup_at32f425.o [1]
  .text              ro code   0x800'1090     0x4  startup_at32f425.o [1]
  .text              ro code   0x800'1094     0x4  startup_at32f425.o [1]
  .text              ro code   0x800'1098     0x4  startup_at32f425.o [1]
  .text              ro code   0x800'109c     0x4  startup_at32f425.o [1]
  .text              ro code   0x800'10a0     0x4  startup_at32f425.o [1]
  .text              ro code   0x800'10a4     0x4  startup_at32f425.o [1]
  .text              ro code   0x800'10a8     0x4  startup_at32f425.o [1]
  .text              ro code   0x800'10ac     0x4  startup_at32f425.o [1]
  .text              ro code   0x800'10b0     0x4  startup_at32f425.o [1]
  .text              ro code   0x800'10b4     0x4  startup_at32f425.o [1]
  .text              ro code   0x800'10b8     0x4  startup_at32f425.o [1]
  .text              ro code   0x800'10bc     0x4  startup_at32f425.o [1]
  .text              ro code   0x800'10c0     0x4  startup_at32f425.o [1]
  .text              ro code   0x800'10c4     0x4  startup_at32f425.o [1]
  .text              ro code   0x800'10c8     0x4  startup_at32f425.o [1]
  .text              ro code   0x800'10cc     0x4  startup_at32f425.o [1]
  .text              ro code   0x800'10d0     0x4  startup_at32f425.o [1]
  .text              ro code   0x800'10d4     0x4  startup_at32f425.o [1]
  .text              ro code   0x800'10d8     0x4  startup_at32f425.o [1]
  .text              ro code   0x800'10dc     0x4  startup_at32f425.o [1]
  .text              ro code   0x800'10e0     0x4  startup_at32f425.o [1]
  .text              ro code   0x800'10e4     0x4  startup_at32f425.o [1]
  .text              ro code   0x800'10e8     0x4  startup_at32f425.o [1]
  .text              ro code   0x800'10ec     0x4  startup_at32f425.o [1]
  .text              ro code   0x800'10f0     0x4  startup_at32f425.o [1]
  .rodata            const     0x800'10f4     0x0  copy_init3.o [5]
                             - 0x800'10f4  0x1024

"P2", part 1 of 2:                            0x8
  P2-1                        0x2000'0000     0x8  <Init block>
    .data            inited   0x2000'0000     0x4  system_at32f425.o [1]
    .bss             inited   0x2000'0004     0x4  wk_system.o [3]
                            - 0x2000'0008     0x8

"P2", part 2 of 2:                          0x400
  CSTACK                      0x2000'0008   0x400  <Block>
    CSTACK           uninit   0x2000'0008   0x400  <Block tail>
                            - 0x2000'0408   0x400

Unused ranges:

         From           To    Size
         ----           --    ----
   0x800'10f4   0x800'ffff  0xef0c
  0x2000'0408  0x2000'4fff  0x4bf8


*******************************************************************************
*** INIT TABLE
***

          Address      Size
          -------      ----
Copy (__iar_copy_init3)
    1 source range, total size 0x8:
           0x800'105c   0x8
    1 destination range, total size 0x8:
          0x2000'0000   0x8



*******************************************************************************
*** MODULE SUMMARY
***

    Module                ro code  ro data  rw data
    ------                -------  -------  -------
command line/config:
    -----------------------------------------------
    Total:

D:\Махлаев\Проекты\DualBoot_AT32F425\Подход 1\Bootloader\project\IAR_V9.3\DualBoot_at32f425\Obj\cmsis: [1]
    startup_at32f425.o        368
    system_at32f425.o         420       20        4
    -----------------------------------------------
    Total:                    788       20        4

D:\Махлаев\Проекты\DualBoot_AT32F425\Подход 1\Bootloader\project\IAR_V9.3\DualBoot_at32f425\Obj\firmware: [2]
    at32f425_crm.o          1'028       40
    at32f425_flash.o          316
    at32f425_gpio.o           172
    at32f425_misc.o            80
    -----------------------------------------------
    Total:                  1'596       40

D:\Махлаев\Проекты\DualBoot_AT32F425\Подход 1\Bootloader\project\IAR_V9.3\DualBoot_at32f425\Obj\user: [3]
    at32f425_int.o             18
    at32f425_wk_config.o      420
    main.o                    468
    wk_gpio.o                  58
    wk_system.o               162        4        4
    -----------------------------------------------
    Total:                  1'126        4        4

dl7M_tlf.a: [4]
    exit.o                      4
    low_level_init.o            4
    -----------------------------------------------
    Total:                      8

rt7M_tl.a: [5]
    I64DivMod.o               560
    I64DivZer.o                 2
    cexit.o                    10
    cmain.o                    30
    copy_init3.o               42
    cstartup_M.o               28
    data_init.o                40
    -----------------------------------------------
    Total:                    712

shb_l.a: [6]
    exit.o                     20
    -----------------------------------------------
    Total:                     20

    Gaps                        6
    Linker created                      20    1'024
---------------------------------------------------
    Grand Total:            4'256       84    1'032


*******************************************************************************
*** ENTRY LIST
***

Entry                       Address   Size  Type      Object
-----                       -------   ----  ----      ------
.iar.init_table$$Base    0x800'0f9c          --   Gb  - Linker created -
.iar.init_table$$Limit   0x800'0fb0          --   Gb  - Linker created -
?main                    0x800'0fb1         Code  Gb  cmain.o [5]
ACC_IRQHandler           0x800'1085         Code  Wk  startup_at32f425.o [1]
ADC1_IRQHandler          0x800'1095         Code  Wk  startup_at32f425.o [1]
BusFault_Handler         0x800'0b39    0x2  Code  Gb  at32f425_int.o [3]
CAN1_IRQHandler          0x800'10dd         Code  Wk  startup_at32f425.o [1]
CRM_IRQHandler           0x800'1075         Code  Wk  startup_at32f425.o [1]
CSTACK$$Base            0x2000'0008          --   Gb  - Linker created -
CSTACK$$Limit           0x2000'0408          --   Gb  - Linker created -
DMA1_Channel1_IRQHandler
                         0x800'1089         Code  Wk  startup_at32f425.o [1]
DMA1_Channel3_2_IRQHandler
                         0x800'108d         Code  Wk  startup_at32f425.o [1]
DMA1_Channel7_4_IRQHandler
                         0x800'1091         Code  Wk  startup_at32f425.o [1]
DebugMon_Handler         0x800'0b3f    0x2  Code  Gb  at32f425_int.o [3]
ERTC_IRQHandler          0x800'106d         Code  Wk  startup_at32f425.o [1]
EXINT15_4_IRQHandler     0x800'1081         Code  Wk  startup_at32f425.o [1]
EXINT1_0_IRQHandler      0x800'1079         Code  Wk  startup_at32f425.o [1]
EXINT3_2_IRQHandler      0x800'107d         Code  Wk  startup_at32f425.o [1]
FLASH_IRQHandler         0x800'1071         Code  Wk  startup_at32f425.o [1]
HardFault_Handler        0x800'0b35    0x2  Code  Gb  at32f425_int.o [3]
I2C1_ERR_IRQHandler      0x800'10e5         Code  Wk  startup_at32f425.o [1]
I2C1_EVT_IRQHandler      0x800'10c1         Code  Wk  startup_at32f425.o [1]
I2C2_ERR_IRQHandler      0x800'10ed         Code  Wk  startup_at32f425.o [1]
I2C2_EVT_IRQHandler      0x800'10c5         Code  Wk  startup_at32f425.o [1]
LED_Init                 0x800'0869   0x36  Code  Gb  main.o [3]
MemManage_Handler        0x800'0b37    0x2  Code  Gb  at32f425_int.o [3]
NMI_Handler              0x800'0b33    0x2  Code  Gb  at32f425_int.o [3]
NVIC_EncodePriority      0x800'0933   0x3c  Code  Lc  at32f425_wk_config.o [3]
OTGFS1_IRQHandler        0x800'10e1         Code  Wk  startup_at32f425.o [1]
PVM_IRQHandler           0x800'1069         Code  Wk  startup_at32f425.o [1]
PendSV_Handler           0x800'0b41    0x2  Code  Gb  at32f425_int.o [3]
Region$$Table$$Base      0x800'0f9c          --   Gb  - Linker created -
Region$$Table$$Limit     0x800'0fb0          --   Gb  - Linker created -
Reset_Handler            0x800'1035         Code  Wk  startup_at32f425.o [1]
SPI1_IRQHandler          0x800'10c9         Code  Wk  startup_at32f425.o [1]
SPI2_IRQHandler          0x800'10cd         Code  Wk  startup_at32f425.o [1]
SPI3_IRQHandler          0x800'10e9         Code  Wk  startup_at32f425.o [1]
SVC_Handler              0x800'0b3d    0x2  Code  Gb  at32f425_int.o [3]
SysTick_Handler          0x800'0b43    0x2  Code  Gb  at32f425_int.o [3]
SystemInit               0x800'0d59   0x56  Code  Gb  system_at32f425.o [1]
TMR13_GLOBAL_IRQHandler
                         0x800'10f1         Code  Wk  startup_at32f425.o [1]
TMR14_GLOBAL_IRQHandler
                         0x800'10b1         Code  Wk  startup_at32f425.o [1]
TMR15_GLOBAL_IRQHandler
                         0x800'10b5         Code  Wk  startup_at32f425.o [1]
TMR16_GLOBAL_IRQHandler
                         0x800'10b9         Code  Wk  startup_at32f425.o [1]
TMR17_GLOBAL_IRQHandler
                         0x800'10bd         Code  Wk  startup_at32f425.o [1]
TMR1_BRK_OVF_TRG_HALL_IRQHandler
                         0x800'1099         Code  Wk  startup_at32f425.o [1]
TMR1_CH_IRQHandler       0x800'109d         Code  Wk  startup_at32f425.o [1]
TMR2_GLOBAL_IRQHandler   0x800'10a1         Code  Wk  startup_at32f425.o [1]
TMR3_GLOBAL_IRQHandler   0x800'10a5         Code  Wk  startup_at32f425.o [1]
TMR6_GLOBAL_IRQHandler   0x800'10a9         Code  Wk  startup_at32f425.o [1]
TMR7_GLOBAL_IRQHandler   0x800'10ad         Code  Wk  startup_at32f425.o [1]
USART1_IRQHandler        0x800'10d1         Code  Wk  startup_at32f425.o [1]
USART2_IRQHandler        0x800'10d5         Code  Wk  startup_at32f425.o [1]
USART4_3_IRQHandler      0x800'10d9         Code  Wk  startup_at32f425.o [1]
UsageFault_Handler       0x800'0b3b    0x2  Code  Gb  at32f425_int.o [3]
WWDT_IRQHandler          0x800'1065         Code  Wk  startup_at32f425.o [1]
__NVIC_DisableIRQ        0x800'0731   0x24  Code  Lc  main.o [3]
__NVIC_GetPriorityGrouping
                         0x800'0905    0xa  Code  Lc  at32f425_wk_config.o [3]
__NVIC_SetPriority       0x800'090f   0x24  Code  Lc  at32f425_wk_config.o [3]
__NVIC_SetPriorityGrouping
                         0x800'0efd   0x1a  Code  Lc  at32f425_misc.o [2]
__NVIC_SystemReset       0x800'0755   0x1a  Code  Lc  main.o [3]
__aeabi_ldiv0            0x800'0705         Code  Gb  I64DivZer.o [5]
__aeabi_uldivmod         0x800'04d5         Code  Gb  I64DivMod.o [5]
__cmain                  0x800'0fb1         Code  Gb  cmain.o [5]
__exit                   0x800'0fe5   0x14  Code  Gb  exit.o [6]
__iar_copy_init3         0x800'0707   0x2a  Code  Gb  copy_init3.o [5]
__iar_data_init3         0x800'0f75   0x28  Code  Gb  data_init.o [5]
__iar_program_start      0x800'0ff9         Code  Gb  cstartup_M.o [5]
__low_level_init         0x800'0fcf    0x4  Code  Gb  low_level_init.o [4]
__vector_table           0x800'0000         Data  Gb  startup_at32f425.o [1]
_call_main               0x800'0fbd         Code  Gb  cmain.o [5]
_exit                    0x800'0fd9         Code  Gb  cexit.o [5]
crm_ahb_div_set          0x800'0201    0xe  Code  Gb  at32f425_crm.o [2]
crm_apb1_div_set         0x800'020f    0xe  Code  Gb  at32f425_crm.o [2]
crm_apb2_div_set         0x800'021d    0xe  Code  Gb  at32f425_crm.o [2]
crm_clock_source_enable
                         0x800'019b   0x66  Code  Gb  at32f425_crm.o [2]
crm_clocks_freq_get      0x800'031d  0x146  Code  Gb  at32f425_crm.o [2]
crm_clocks_freq_get::adc_div_table
                         0x800'1054    0x8  Data  Lc  at32f425_crm.o [2]
crm_clocks_freq_get::ahb_apb1_div_table
                         0x800'1044    0x8  Data  Lc  at32f425_crm.o [2]
crm_clocks_freq_get::ahb_apb2_div_table
                         0x800'104c    0x8  Data  Lc  at32f425_crm.o [2]
crm_clocks_freq_get::sclk_ahb_div_table
                         0x800'1014   0x10  Data  Lc  at32f425_crm.o [2]
crm_flag_get             0x800'012b   0x2e  Code  Gb  at32f425_crm.o [2]
crm_periph_clock_enable
                         0x800'0159   0x42  Code  Gb  at32f425_crm.o [2]
crm_pll_config           0x800'022b   0xda  Code  Gb  at32f425_crm.o [2]
crm_reset                0x800'00d1   0x5a  Code  Gb  at32f425_crm.o [2]
crm_sysclk_switch        0x800'0305    0xc  Code  Gb  at32f425_crm.o [2]
crm_sysclk_switch_status_get
                         0x800'0311    0xc  Code  Gb  at32f425_crm.o [2]
exit                     0x800'0fd3    0x4  Code  Gb  exit.o [4]
flash_fap_high_level_status_get
                         0x800'0d2f    0xc  Code  Gb  at32f425_flash.o [2]
flash_flag_clear         0x800'0c55    0x8  Code  Gb  at32f425_flash.o [2]
flash_flag_get           0x800'0c1d   0x38  Code  Gb  at32f425_flash.o [2]
flash_lock               0x800'0cc9    0xe  Code  Gb  at32f425_flash.o [2]
flash_operation_status_get
                         0x800'0c5d   0x32  Code  Gb  at32f425_flash.o [2]
flash_operation_wait_for
                         0x800'0c8f   0x28  Code  Gb  at32f425_flash.o [2]
flash_sector_erase       0x800'0cd7   0x32  Code  Gb  at32f425_flash.o [2]
flash_unlock             0x800'0cb7   0x12  Code  Gb  at32f425_flash.o [2]
flash_word_program       0x800'0d09   0x26  Code  Gb  at32f425_flash.o [2]
gpio_bits_reset          0x800'0bd9    0x6  Code  Gb  at32f425_gpio.o [2]
gpio_bits_write          0x800'0bdf   0x12  Code  Gb  at32f425_gpio.o [2]
gpio_default_para_init   0x800'0bc1   0x18  Code  Gb  at32f425_gpio.o [2]
gpio_init                0x800'0b45   0x7c  Code  Gb  at32f425_gpio.o [2]
main                     0x800'076f   0xfa  Code  Gb  main.o [3]
nvic_priority_group_config
                         0x800'0f17    0xa  Code  Gb  at32f425_misc.o [2]
read_boot_flag           0x800'08cd    0x6  Code  Gb  main.o [3]
system_core_clock       0x2000'0000    0x4  Data  Gb  system_at32f425.o [1]
system_core_clock_update
                         0x800'0daf  0x11a  Code  Gb  system_at32f425.o [1]
system_core_clock_update::sys_ahb_div_table
                         0x800'1024   0x10  Data  Lc  system_at32f425.o [1]
systick_clock_source_config
                         0x800'0f21   0x1e  Code  Gb  at32f425_misc.o [2]
ticks_count_us          0x2000'0004    0x4  Data  Gb  wk_system.o [3]
wk_delay_ms              0x800'0bf1   0x2a  Code  Wk  wk_system.o [3]
wk_delay_us              0x800'0f4d   0x28  Code  Wk  wk_system.o [3]
wk_gpio_config           0x800'0af9   0x3a  Code  Gb  wk_gpio.o [3]
wk_nvic_config           0x800'0a05   0xa4  Code  Gb  at32f425_wk_config.o [3]
wk_periph_clock_config   0x800'09e1    0xc  Code  Gb  at32f425_wk_config.o [3]
wk_system_clock_config   0x800'096f   0x72  Code  Gb  at32f425_wk_config.o [3]
wk_timebase_init         0x800'0aa9   0x50  Code  Wk  wk_system.o [3]
write_boot_flag          0x800'089f   0x2e  Code  Gb  main.o [3]


[1] = D:\Махлаев\Проекты\DualBoot_AT32F425\Подход 1\Bootloader\project\IAR_V9.3\DualBoot_at32f425\Obj\cmsis
[2] = D:\Махлаев\Проекты\DualBoot_AT32F425\Подход 1\Bootloader\project\IAR_V9.3\DualBoot_at32f425\Obj\firmware
[3] = D:\Махлаев\Проекты\DualBoot_AT32F425\Подход 1\Bootloader\project\IAR_V9.3\DualBoot_at32f425\Obj\user
[4] = dl7M_tlf.a
[5] = rt7M_tl.a
[6] = shb_l.a

  4'256 bytes of readonly  code memory
     84 bytes of readonly  data memory
  1'032 bytes of readwrite data memory

Errors: none
Warnings: none
