###############################################################################
#
# IAR ELF Linker V9.30.1.335/W64 for ARM                  11/Dec/2025  07:49:53
# Copyright 2007-2022 IAR Systems AB.
#
#    Output file  =
#        D:\Махлаев\Проекты\DualBoot_at32f425\FW2\project\IAR_V9.3\DualBoot_at32f425\Exe\DualBoot_at32f425.out
#    Map file     =
#        D:\Махлаев\Проекты\DualBoot_at32f425\FW2\project\IAR_V9.3\DualBoot_at32f425\List\DualBoot_at32f425.map
#    Command line =
#        -f
#        D:\Махлаев\Проекты\DualBoot_at32f425\FW2\project\IAR_V9.3\DualBoot_at32f425\Exe\DualBoot_at32f425.out.rsp
#        (D:\Махлаев\Проекты\DualBoot_at32f425\FW2\project\IAR_V9.3\DualBoot_at32f425\Obj\firmware\at32f425_crm.o
#        D:\Махлаев\Проекты\DualBoot_at32f425\FW2\project\IAR_V9.3\DualBoot_at32f425\Obj\firmware\at32f425_debug.o
#        D:\Махлаев\Проекты\DualBoot_at32f425\FW2\project\IAR_V9.3\DualBoot_at32f425\Obj\firmware\at32f425_flash.o
#        D:\Махлаев\Проекты\DualBoot_at32f425\FW2\project\IAR_V9.3\DualBoot_at32f425\Obj\firmware\at32f425_gpio.o
#        D:\Махлаев\Проекты\DualBoot_at32f425\FW2\project\IAR_V9.3\DualBoot_at32f425\Obj\user\at32f425_int.o
#        D:\Махлаев\Проекты\DualBoot_at32f425\FW2\project\IAR_V9.3\DualBoot_at32f425\Obj\firmware\at32f425_misc.o
#        D:\Махлаев\Проекты\DualBoot_at32f425\FW2\project\IAR_V9.3\DualBoot_at32f425\Obj\firmware\at32f425_pwc.o
#        D:\Махлаев\Проекты\DualBoot_at32f425\FW2\project\IAR_V9.3\DualBoot_at32f425\Obj\user\at32f425_wk_config.o
#        D:\Махлаев\Проекты\DualBoot_at32f425\FW2\project\IAR_V9.3\DualBoot_at32f425\Obj\user\main.o
#        D:\Махлаев\Проекты\DualBoot_at32f425\FW2\project\IAR_V9.3\DualBoot_at32f425\Obj\cmsis\startup_at32f425.o
#        D:\Махлаев\Проекты\DualBoot_at32f425\FW2\project\IAR_V9.3\DualBoot_at32f425\Obj\cmsis\system_at32f425.o
#        D:\Махлаев\Проекты\DualBoot_at32f425\FW2\project\IAR_V9.3\DualBoot_at32f425\Obj\user\wk_gpio.o
#        D:\Махлаев\Проекты\DualBoot_at32f425\FW2\project\IAR_V9.3\DualBoot_at32f425\Obj\user\wk_system.o
#        --no_out_extension -o
#        D:\Махлаев\Проекты\DualBoot_at32f425\FW2\project\IAR_V9.3\DualBoot_at32f425\Exe\DualBoot_at32f425.out
#        --map
#        D:\Махлаев\Проекты\DualBoot_at32f425\FW2\project\IAR_V9.3\DualBoot_at32f425\List\DualBoot_at32f425.map
#        --config
#        D:\Махлаев\Проекты\DualBoot_at32f425\FW2\project\IAR_V9.3\AT32F425x8.icf
#        --semihosting --entry __iar_program_start --vfe --text_out locale
#        --cpu=Cortex-M4 --fpu=None)
#
###############################################################################

*******************************************************************************
*** RUNTIME MODEL ATTRIBUTES
***

CppFlavor       = *
__CPP_Runtime   = 1
__SystemLibrary = DLib
__dlib_version  = 6


*******************************************************************************
*** HEAP SELECTION
***

The basic heap was selected because --advanced_heap
was not specified and the application did not appear to
be primarily optimized for speed.


*******************************************************************************
*** PLACEMENT SUMMARY
***

"A0":  place at address 0x800'4000 { ro section .intvec };
"P1":  place in [from 0x800'4000 to 0x800'ffff] { ro };
define block CSTACK with size = 1K, alignment = 8 { };
define block HEAP with size = 512, alignment = 8 { };
"P2":  place in [from 0x2000'0000 to 0x2000'4fff] {
          rw, block CSTACK, block HEAP };
initialize by copy { rw };

  Section            Kind         Address   Size  Object
  -------            ----         -------   ----  ------
"A0":                                       0xd0
  .intvec            ro code   0x800'4000   0xd0  startup_at32f425.o [1]
                             - 0x800'40d0   0xd0

"P1":                                      0xd90
  .text              ro code   0x800'40d0  0x404  at32f425_crm.o [2]
  .text              ro code   0x800'44d4  0x230  I64DivMod.o [5]
  .text              ro code   0x800'4704    0x2  I64DivZer.o [5]
  .text              ro code   0x800'4706   0x2a  copy_init3.o [5]
  .text              ro code   0x800'4730  0x1a4  at32f425_wk_config.o [3]
  .text              ro code   0x800'48d4  0x1a4  system_at32f425.o [1]
  .text              ro code   0x800'4a78   0x50  at32f425_misc.o [2]
  .text              ro code   0x800'4ac8   0xac  at32f425_gpio.o [2]
  .text              ro code   0x800'4b74   0x80  main.o [3]
  .text              ro code   0x800'4bf4   0x50  wk_system.o [3]
  .text              ro code   0x800'4c44   0x3a  wk_gpio.o [3]
  .text              ro code   0x800'4c7e   0x2a  wk_system.o [3]
  .text              ro code   0x800'4ca8   0x28  wk_system.o [3]
  .text              ro code   0x800'4cd0   0x28  data_init.o [5]
  .iar.init_table    const     0x800'4cf8   0x14  - Linker created -
  .text              ro code   0x800'4d0c   0x1e  cmain.o [5]
  .text              ro code   0x800'4d2a    0x4  low_level_init.o [4]
  .text              ro code   0x800'4d2e    0x4  exit.o [4]
  .text              ro code   0x800'4d32   0x12  at32f425_int.o [3]
  .text              ro code   0x800'4d44    0xa  cexit.o [5]
  .text              ro code   0x800'4d50   0x14  exit.o [6]
  .text              ro code   0x800'4d64   0x1c  cstartup_M.o [5]
  .rodata            const     0x800'4d80   0x10  at32f425_crm.o [2]
  .rodata            const     0x800'4d90   0x10  system_at32f425.o [1]
  .text              ro code   0x800'4da0   0x10  startup_at32f425.o [1]
  .rodata            const     0x800'4db0    0x8  at32f425_crm.o [2]
  .rodata            const     0x800'4db8    0x8  at32f425_crm.o [2]
  .rodata            const     0x800'4dc0    0x8  at32f425_crm.o [2]
  Initializer bytes  const     0x800'4dc8    0x8  <for P2-1>
  .text              ro code   0x800'4dd0    0x4  startup_at32f425.o [1]
  .text              ro code   0x800'4dd4    0x4  startup_at32f425.o [1]
  .text              ro code   0x800'4dd8    0x4  startup_at32f425.o [1]
  .text              ro code   0x800'4ddc    0x4  startup_at32f425.o [1]
  .text              ro code   0x800'4de0    0x4  startup_at32f425.o [1]
  .text              ro code   0x800'4de4    0x4  startup_at32f425.o [1]
  .text              ro code   0x800'4de8    0x4  startup_at32f425.o [1]
  .text              ro code   0x800'4dec    0x4  startup_at32f425.o [1]
  .text              ro code   0x800'4df0    0x4  startup_at32f425.o [1]
  .text              ro code   0x800'4df4    0x4  startup_at32f425.o [1]
  .text              ro code   0x800'4df8    0x4  startup_at32f425.o [1]
  .text              ro code   0x800'4dfc    0x4  startup_at32f425.o [1]
  .text              ro code   0x800'4e00    0x4  startup_at32f425.o [1]
  .text              ro code   0x800'4e04    0x4  startup_at32f425.o [1]
  .text              ro code   0x800'4e08    0x4  startup_at32f425.o [1]
  .text              ro code   0x800'4e0c    0x4  startup_at32f425.o [1]
  .text              ro code   0x800'4e10    0x4  startup_at32f425.o [1]
  .text              ro code   0x800'4e14    0x4  startup_at32f425.o [1]
  .text              ro code   0x800'4e18    0x4  startup_at32f425.o [1]
  .text              ro code   0x800'4e1c    0x4  startup_at32f425.o [1]
  .text              ro code   0x800'4e20    0x4  startup_at32f425.o [1]
  .text              ro code   0x800'4e24    0x4  startup_at32f425.o [1]
  .text              ro code   0x800'4e28    0x4  startup_at32f425.o [1]
  .text              ro code   0x800'4e2c    0x4  startup_at32f425.o [1]
  .text              ro code   0x800'4e30    0x4  startup_at32f425.o [1]
  .text              ro code   0x800'4e34    0x4  startup_at32f425.o [1]
  .text              ro code   0x800'4e38    0x4  startup_at32f425.o [1]
  .text              ro code   0x800'4e3c    0x4  startup_at32f425.o [1]
  .text              ro code   0x800'4e40    0x4  startup_at32f425.o [1]
  .text              ro code   0x800'4e44    0x4  startup_at32f425.o [1]
  .text              ro code   0x800'4e48    0x4  startup_at32f425.o [1]
  .text              ro code   0x800'4e4c    0x4  startup_at32f425.o [1]
  .text              ro code   0x800'4e50    0x4  startup_at32f425.o [1]
  .text              ro code   0x800'4e54    0x4  startup_at32f425.o [1]
  .text              ro code   0x800'4e58    0x4  startup_at32f425.o [1]
  .text              ro code   0x800'4e5c    0x4  startup_at32f425.o [1]
  .rodata            const     0x800'4e60    0x0  copy_init3.o [5]
                             - 0x800'4e60  0xd90

"P2", part 1 of 2:                           0x8
  P2-1                        0x2000'0000    0x8  <Init block>
    .data            inited   0x2000'0000    0x4  system_at32f425.o [1]
    .bss             inited   0x2000'0004    0x4  wk_system.o [3]
                            - 0x2000'0008    0x8

"P2", part 2 of 2:                         0x400
  CSTACK                      0x2000'0008  0x400  <Block>
    CSTACK           uninit   0x2000'0008  0x400  <Block tail>
                            - 0x2000'0408  0x400

Unused ranges:

         From           To    Size
         ----           --    ----
   0x800'4e60   0x800'ffff  0xb1a0
  0x2000'0408  0x2000'4fff  0x4bf8


*******************************************************************************
*** INIT TABLE
***

          Address      Size
          -------      ----
Copy (__iar_copy_init3)
    1 source range, total size 0x8:
           0x800'4dc8   0x8
    1 destination range, total size 0x8:
          0x2000'0000   0x8



*******************************************************************************
*** MODULE SUMMARY
***

    Module                ro code  ro data  rw data
    ------                -------  -------  -------
command line/config:
    -----------------------------------------------
    Total:

D:\Махлаев\Проекты\DualBoot_at32f425\FW2\project\IAR_V9.3\DualBoot_at32f425\Obj\cmsis: [1]
    startup_at32f425.o        368
    system_at32f425.o         420       20        4
    -----------------------------------------------
    Total:                    788       20        4

D:\Махлаев\Проекты\DualBoot_at32f425\FW2\project\IAR_V9.3\DualBoot_at32f425\Obj\firmware: [2]
    at32f425_crm.o          1'028       40
    at32f425_gpio.o           172
    at32f425_misc.o            80
    -----------------------------------------------
    Total:                  1'280       40

D:\Махлаев\Проекты\DualBoot_at32f425\FW2\project\IAR_V9.3\DualBoot_at32f425\Obj\user: [3]
    at32f425_int.o             18
    at32f425_wk_config.o      420
    main.o                    128
    wk_gpio.o                  58
    wk_system.o               162        4        4
    -----------------------------------------------
    Total:                    786        4        4

dl7M_tlf.a: [4]
    exit.o                      4
    low_level_init.o            4
    -----------------------------------------------
    Total:                      8

rt7M_tl.a: [5]
    I64DivMod.o               560
    I64DivZer.o                 2
    cexit.o                    10
    cmain.o                    30
    copy_init3.o               42
    cstartup_M.o               28
    data_init.o                40
    -----------------------------------------------
    Total:                    712

shb_l.a: [6]
    exit.o                     20
    -----------------------------------------------
    Total:                     20

    Gaps                        2
    Linker created                      20    1'024
---------------------------------------------------
    Grand Total:            3'596       84    1'032


*******************************************************************************
*** ENTRY LIST
***

Entry                       Address   Size  Type      Object
-----                       -------   ----  ----      ------
.iar.init_table$$Base    0x800'4cf8          --   Gb  - Linker created -
.iar.init_table$$Limit   0x800'4d0c          --   Gb  - Linker created -
?main                    0x800'4d0d         Code  Gb  cmain.o [5]
ACC_IRQHandler           0x800'4df1         Code  Wk  startup_at32f425.o [1]
ADC1_IRQHandler          0x800'4e01         Code  Wk  startup_at32f425.o [1]
BusFault_Handler         0x800'4d39    0x2  Code  Gb  at32f425_int.o [3]
CAN1_IRQHandler          0x800'4e49         Code  Wk  startup_at32f425.o [1]
CRM_IRQHandler           0x800'4de1         Code  Wk  startup_at32f425.o [1]
CSTACK$$Base            0x2000'0008          --   Gb  - Linker created -
CSTACK$$Limit           0x2000'0408          --   Gb  - Linker created -
DMA1_Channel1_IRQHandler
                         0x800'4df5         Code  Wk  startup_at32f425.o [1]
DMA1_Channel3_2_IRQHandler
                         0x800'4df9         Code  Wk  startup_at32f425.o [1]
DMA1_Channel7_4_IRQHandler
                         0x800'4dfd         Code  Wk  startup_at32f425.o [1]
DebugMon_Handler         0x800'4d3f    0x2  Code  Gb  at32f425_int.o [3]
ERTC_IRQHandler          0x800'4dd9         Code  Wk  startup_at32f425.o [1]
EXINT15_4_IRQHandler     0x800'4ded         Code  Wk  startup_at32f425.o [1]
EXINT1_0_IRQHandler      0x800'4de5         Code  Wk  startup_at32f425.o [1]
EXINT3_2_IRQHandler      0x800'4de9         Code  Wk  startup_at32f425.o [1]
FLASH_IRQHandler         0x800'4ddd         Code  Wk  startup_at32f425.o [1]
HardFault_Handler        0x800'4d35    0x2  Code  Gb  at32f425_int.o [3]
I2C1_ERR_IRQHandler      0x800'4e51         Code  Wk  startup_at32f425.o [1]
I2C1_EVT_IRQHandler      0x800'4e2d         Code  Wk  startup_at32f425.o [1]
I2C2_ERR_IRQHandler      0x800'4e59         Code  Wk  startup_at32f425.o [1]
I2C2_EVT_IRQHandler      0x800'4e31         Code  Wk  startup_at32f425.o [1]
LED_Init                 0x800'4bb7   0x36  Code  Gb  main.o [3]
MemManage_Handler        0x800'4d37    0x2  Code  Gb  at32f425_int.o [3]
NMI_Handler              0x800'4d33    0x2  Code  Gb  at32f425_int.o [3]
NVIC_EncodePriority      0x800'475f   0x3c  Code  Lc  at32f425_wk_config.o [3]
OTGFS1_IRQHandler        0x800'4e4d         Code  Wk  startup_at32f425.o [1]
PVM_IRQHandler           0x800'4dd5         Code  Wk  startup_at32f425.o [1]
PendSV_Handler           0x800'4d41    0x2  Code  Gb  at32f425_int.o [3]
Region$$Table$$Base      0x800'4cf8          --   Gb  - Linker created -
Region$$Table$$Limit     0x800'4d0c          --   Gb  - Linker created -
Reset_Handler            0x800'4da1         Code  Wk  startup_at32f425.o [1]
SPI1_IRQHandler          0x800'4e35         Code  Wk  startup_at32f425.o [1]
SPI2_IRQHandler          0x800'4e39         Code  Wk  startup_at32f425.o [1]
SPI3_IRQHandler          0x800'4e55         Code  Wk  startup_at32f425.o [1]
SVC_Handler              0x800'4d3d    0x2  Code  Gb  at32f425_int.o [3]
SysTick_Handler          0x800'4d43    0x2  Code  Gb  at32f425_int.o [3]
SystemInit               0x800'48d5   0x56  Code  Gb  system_at32f425.o [1]
TMR13_GLOBAL_IRQHandler
                         0x800'4e5d         Code  Wk  startup_at32f425.o [1]
TMR14_GLOBAL_IRQHandler
                         0x800'4e1d         Code  Wk  startup_at32f425.o [1]
TMR15_GLOBAL_IRQHandler
                         0x800'4e21         Code  Wk  startup_at32f425.o [1]
TMR16_GLOBAL_IRQHandler
                         0x800'4e25         Code  Wk  startup_at32f425.o [1]
TMR17_GLOBAL_IRQHandler
                         0x800'4e29         Code  Wk  startup_at32f425.o [1]
TMR1_BRK_OVF_TRG_HALL_IRQHandler
                         0x800'4e05         Code  Wk  startup_at32f425.o [1]
TMR1_CH_IRQHandler       0x800'4e09         Code  Wk  startup_at32f425.o [1]
TMR2_GLOBAL_IRQHandler   0x800'4e0d         Code  Wk  startup_at32f425.o [1]
TMR3_GLOBAL_IRQHandler   0x800'4e11         Code  Wk  startup_at32f425.o [1]
TMR6_GLOBAL_IRQHandler   0x800'4e15         Code  Wk  startup_at32f425.o [1]
TMR7_GLOBAL_IRQHandler   0x800'4e19         Code  Wk  startup_at32f425.o [1]
USART1_IRQHandler        0x800'4e3d         Code  Wk  startup_at32f425.o [1]
USART2_IRQHandler        0x800'4e41         Code  Wk  startup_at32f425.o [1]
USART4_3_IRQHandler      0x800'4e45         Code  Wk  startup_at32f425.o [1]
UsageFault_Handler       0x800'4d3b    0x2  Code  Gb  at32f425_int.o [3]
WWDT_IRQHandler          0x800'4dd1         Code  Wk  startup_at32f425.o [1]
__NVIC_GetPriorityGrouping
                         0x800'4731    0xa  Code  Lc  at32f425_wk_config.o [3]
__NVIC_SetPriority       0x800'473b   0x24  Code  Lc  at32f425_wk_config.o [3]
__NVIC_SetPriorityGrouping
                         0x800'4a79   0x1a  Code  Lc  at32f425_misc.o [2]
__aeabi_ldiv0            0x800'4705         Code  Gb  I64DivZer.o [5]
__aeabi_uldivmod         0x800'44d5         Code  Gb  I64DivMod.o [5]
__cmain                  0x800'4d0d         Code  Gb  cmain.o [5]
__exit                   0x800'4d51   0x14  Code  Gb  exit.o [6]
__iar_copy_init3         0x800'4707   0x2a  Code  Gb  copy_init3.o [5]
__iar_data_init3         0x800'4cd1   0x28  Code  Gb  data_init.o [5]
__iar_program_start      0x800'4d65         Code  Gb  cstartup_M.o [5]
__low_level_init         0x800'4d2b    0x4  Code  Gb  low_level_init.o [4]
__vector_table           0x800'4000         Data  Gb  startup_at32f425.o [1]
_call_main               0x800'4d19         Code  Gb  cmain.o [5]
_exit                    0x800'4d45         Code  Gb  cexit.o [5]
crm_ahb_div_set          0x800'4201    0xe  Code  Gb  at32f425_crm.o [2]
crm_apb1_div_set         0x800'420f    0xe  Code  Gb  at32f425_crm.o [2]
crm_apb2_div_set         0x800'421d    0xe  Code  Gb  at32f425_crm.o [2]
crm_clock_source_enable
                         0x800'419b   0x66  Code  Gb  at32f425_crm.o [2]
crm_clocks_freq_get      0x800'431d  0x146  Code  Gb  at32f425_crm.o [2]
crm_clocks_freq_get::adc_div_table
                         0x800'4dc0    0x8  Data  Lc  at32f425_crm.o [2]
crm_clocks_freq_get::ahb_apb1_div_table
                         0x800'4db0    0x8  Data  Lc  at32f425_crm.o [2]
crm_clocks_freq_get::ahb_apb2_div_table
                         0x800'4db8    0x8  Data  Lc  at32f425_crm.o [2]
crm_clocks_freq_get::sclk_ahb_div_table
                         0x800'4d80   0x10  Data  Lc  at32f425_crm.o [2]
crm_flag_get             0x800'412b   0x2e  Code  Gb  at32f425_crm.o [2]
crm_periph_clock_enable
                         0x800'4159   0x42  Code  Gb  at32f425_crm.o [2]
crm_pll_config           0x800'422b   0xda  Code  Gb  at32f425_crm.o [2]
crm_reset                0x800'40d1   0x5a  Code  Gb  at32f425_crm.o [2]
crm_sysclk_switch        0x800'4305    0xc  Code  Gb  at32f425_crm.o [2]
crm_sysclk_switch_status_get
                         0x800'4311    0xc  Code  Gb  at32f425_crm.o [2]
exit                     0x800'4d2f    0x4  Code  Gb  exit.o [4]
gpio_bits_reset          0x800'4b5d    0x6  Code  Gb  at32f425_gpio.o [2]
gpio_bits_write          0x800'4b63   0x12  Code  Gb  at32f425_gpio.o [2]
gpio_default_para_init   0x800'4b45   0x18  Code  Gb  at32f425_gpio.o [2]
gpio_init                0x800'4ac9   0x7c  Code  Gb  at32f425_gpio.o [2]
main                     0x800'4b75   0x42  Code  Gb  main.o [3]
nvic_priority_group_config
                         0x800'4a93    0xa  Code  Gb  at32f425_misc.o [2]
system_core_clock       0x2000'0000    0x4  Data  Gb  system_at32f425.o [1]
system_core_clock_update
                         0x800'492b  0x11a  Code  Gb  system_at32f425.o [1]
system_core_clock_update::sys_ahb_div_table
                         0x800'4d90   0x10  Data  Lc  system_at32f425.o [1]
systick_clock_source_config
                         0x800'4a9d   0x1e  Code  Gb  at32f425_misc.o [2]
ticks_count_us          0x2000'0004    0x4  Data  Gb  wk_system.o [3]
wk_delay_ms              0x800'4c7f   0x2a  Code  Wk  wk_system.o [3]
wk_delay_us              0x800'4ca9   0x28  Code  Wk  wk_system.o [3]
wk_gpio_config           0x800'4c45   0x3a  Code  Gb  wk_gpio.o [3]
wk_nvic_config           0x800'4831   0xa4  Code  Gb  at32f425_wk_config.o [3]
wk_periph_clock_config   0x800'480d    0xc  Code  Gb  at32f425_wk_config.o [3]
wk_system_clock_config   0x800'479b   0x72  Code  Gb  at32f425_wk_config.o [3]
wk_timebase_init         0x800'4bf5   0x50  Code  Wk  wk_system.o [3]


[1] = D:\Махлаев\Проекты\DualBoot_at32f425\FW2\project\IAR_V9.3\DualBoot_at32f425\Obj\cmsis
[2] = D:\Махлаев\Проекты\DualBoot_at32f425\FW2\project\IAR_V9.3\DualBoot_at32f425\Obj\firmware
[3] = D:\Махлаев\Проекты\DualBoot_at32f425\FW2\project\IAR_V9.3\DualBoot_at32f425\Obj\user
[4] = dl7M_tlf.a
[5] = rt7M_tl.a
[6] = shb_l.a

  3'596 bytes of readonly  code memory
     84 bytes of readonly  data memory
  1'032 bytes of readwrite data memory

Errors: none
Warnings: none
